[
    {
        "Path": "README",
        "Added": false,
        "Renamed": false,
        "Deleted": false
    }
]
