{
    "ID": "14264161",
    "Namespace": "gitee-org/gitter",
    "Name": "gitter-demo-app",
    "Perm": {
        "Pull": true,
        "Push": false,
        "Admin": false
    },
    "Branch": "master",
    "Private": false,
    "Clone": "https://gitee.com/gitee-org/gitter/gitter-demo-app.git",
    "CloneSSH": "git@gitee.com:gitee-org/gitter/gitter-demo-app.git",
    "Link": "https://gitee.com/gitee-org/gitter/gitter-demo-app",
    "Created": "0001-01-01T00:00:00Z",
    "Updated": "0001-01-01T00:00:00Z"
}