[
    {
        "Name": "v0.0.2.3",
        "Path": "refs/tags/v1.0.0",
        "Sha": "8a8ee42ebc63516c05e60c8e531b2d9bdc008c51"
    }
]