{
    "Ref": "refs/tags/v1.0.0",
    "Repo": {
        "ID": "4861503",
        "Namespace": "gitee-org",
        "Name": "hello-world",
        "Perm": null,
        "Branch": "master",
        "Private": false,
        "Clone": "https://gitee.com/gitee-org/hello-world.git",
        "CloneSSH": "git@gitee.com:gitee-org/hello-world.git",
        "Link": "https://gitee.com/gitee-org/hello-world",
        "Created": "0001-01-01T00:00:00Z",
        "Updated": "0001-01-01T00:00:00Z"
    },
    "Commit": {
        "Sha": "2adc9465c4edfc33834e173fe89436a7cb899a1d",
        "Message": "added readme\n",
        "Author": {
            "Name": "Sid Sijbrandij",
            "Email": "noreply@gitee.com",
            "Date": "0001-01-01T00:00:00Z",
            "Login": "sytses",
            "Avatar": "https://secure.gravatar.com/avatar/8c58a0be77ee441bb8f8595b7f1b4e87?s=80\u0026d=identicon"
        },
        "Committer": {
            "Name": "Sid Sijbrandij",
            "Email": "noreply@gitee.com",
            "Date": "0001-01-01T00:00:00Z",
            "Login": "sytses",
            "Avatar": "https://secure.gravatar.com/avatar/8c58a0be77ee441bb8f8595b7f1b4e87?s=80\u0026d=identicon"
        },
        "Link": "https://gitee.com/gitee-org/hello-world/commit/2adc9465c4edfc33834e173fe89436a7cb899a1d"
    },
    "Commits": [
        {
            "Sha": "2adc9465c4edfc33834e173fe89436a7cb899a1d",
            "Message": "added readme\n",
            "Author": {
                "Name": "Sid Sijbrandij",
                "Email": "noreply@gitee.com",
                "Date": "0001-01-01T00:00:00Z",
                "Login": "",
                "Avatar": ""
            },
            "Committer": {
                "Name": "Sid Sijbrandij",
                "Email": "noreply@gitee.com",
                "Date": "0001-01-01T00:00:00Z",
                "Login": "",
                "Avatar": ""
            },
            "Link": "https://gitee.com/gitee-org/hello-world/commit/2adc9465c4edfc33834e173fe89436a7cb899a1d"
        }
    ],
    "Sender": {
        "Login": "sytses",
        "Name": "Sid Sijbrandij",
        "Email": "noreply@gitee.com",
        "Avatar": "https://secure.gravatar.com/avatar/8c58a0be77ee441bb8f8595b7f1b4e87?s=80\u0026d=identicon"
    }
}